// Jest Snapshot v1, https://goo.gl/fbAQLP

exports[`Reservations reducer should return the initial state 1`] = `
Object {
  "room1": Object {
    "adults": 1,
    "checked": true,
    "children": 0,
  },
  "room2": Object {
    "adults": 1,
    "checked": false,
    "children": 0,
  },
  "room3": Object {
    "adults": 1,
    "checked": false,
    "children": 0,
  },
  "room4": Object {
    "adults": 1,
    "checked": false,
    "children": 0,
  },
}
`;
